almond protein
anise vegetable
anise_seed vegetable
apple vegetable
apricot vegetable
artichoke vegetable
asparagus vegetable
avocado vegetable
bacon protein
banana vegetable
barley starch
basil vegetable
bay vegetable
bean protein
beef protein
beef_broth protein
beer starch
beet vegetable
bell_pepper vegetable
berry vegetable
bitter_orange vegetable
black_bean protein
blackberry vegetable
black_pepper vegetable
black_tea vegetable
blueberry vegetable
blue_cheese protein
bone_oil protein
bourbon_whiskey starch
brandy starch
bread starch
broccoli vegetable
brown_rice starch
brussels_sprout vegetable
buckwheat starch
butter protein
buttermilk protein
cabbage vegetable
cane_molasses vegetable
caraway vegetable
cardamom vegetable
carob vegetable
carrot vegetable
cashew vegetable
cassava starch
cauliflower vegetable
cayenne vegetable
celery vegetable
celery_oil vegetable
cereal starch
chamomile vegetable
champagne_wine starch
chayote vegetable
cheddar_cheese protein
cheese protein
cherry vegetable
cherry_brandy starch
chicken protein
chicken_broth protein
chickpea protein
chicory vegetable
chinese_cabbage vegetable
chive vegetable
cider vegetable
cilantro vegetable
cinnamon vegetable
citrus vegetable
clam protein
cocoa vegetable
coconut vegetable
cod protein
coffee vegetable
cognac starch
coriander vegetable
corn vegetable
corn_flake vegetable
corn_grit starch
cottage_cheese protein
crab protein
cranberry vegetable
cream protein
cream_cheese protein
cucumber vegetable
cumin vegetable
cured_pork protein
currant vegetable
date vegetable
dill vegetable
eel protein
egg protein
egg_noodle vegetable
elderberry vegetable
endive vegetable
enokidake vegetable
fennel vegetable
fenugreek vegetable
feta_cheese protein
fig vegetable
fish protein
flower vegetable
fruit vegetable
galanga vegetable
garlic vegetable
gelatin protein
ginger vegetable
goat_cheese protein
grape vegetable
grapefruit vegetable
grape_juice vegetable
green_bell_pepper vegetable
green_tea vegetable
gruyere_cheese protein
haddock protein
ham protein
hazelnut protein
honey vegetable
horseradish vegetable
 juniper_berry vegetable
kale vegetable
katsuobushi protein
kelp vegetable
kidney_bean protein
kiwi vegetable
lamb protein
lard protein
lavender vegetable
leek vegetable
lemon vegetable
lemongrass vegetable
lemon_juice vegetable
lemon_peel vegetable
lentil protein
lettuce vegetable
licorice vegetable
lima_bean protein
lime vegetable
lime_juice vegetable
lime_peel_oil vegetable
liver protein
lobster protein
lovage vegetable
macadamia_nut protein
macaroni starch
mace vegetable
malt starch
mandarin vegetable
mandarin_peel vegetable
mango vegetable
maple_syrup vegetable
marjoram vegetable
matsutake vegetable
meat protein
melon vegetable
milk protein
milk_fat protein
mint vegetable
mozzarella_cheese protein
mushroom vegetable
mussel protein
mustard vegetable
nectarine vegetable
nut protein
nutmeg vegetable
oat starch
oatmeal starch
octopus protein
okra vegetable
olive vegetable
olive_oil vegetable
onion vegetable
orange vegetable
orange_flower vegetable
orange_juice vegetable
orange_peel vegetable
oregano vegetable
ouzo starch
oyster protein
papaya vegetable
parmesan_cheese protein
parsley vegetable
parsnip vegetable
passion_fruit vegetable
pea starch
peach vegetable
peanut protein
peanut_butter protein
peanut_oil vegetable
pear vegetable
pear_brandy vegetable
pecan protein
pepper vegetable
peppermint vegetable
pimento vegetable
pineapple vegetable
pistachio protein
plum vegetable
popcorn starch
porcini vegetable
pork protein
pork_sausage protein
port_wine starch
potato starch
potato_chip starch
prawn protein
provolone_cheese protein
pumpkin vegetable
radish vegetable
raisin vegetable
raspberry vegetable
red_wine vegetable
rhubarb vegetable
rice starch
roasted_beef protein
roasted_peanut protein
roasted_pork protein
roasted_sesame_seed vegetable
romano_cheese protein
root starch
rose vegetable
rosemary vegetable
rum vegetable
rye_bread starch
saffron vegetable
sage vegetable
sake vegetable
salmon protein
sauerkraut vegetable
savory vegetable
scallion vegetable
scallop protein
seaweed vegetable
seed protein
sesame_oil vegetable
sesame_seed protein
shallot vegetable
shellfish protein
sherry starch
shiitake vegetable
shrimp protein
smoke vegetable
smoked_salmon protein
smoked_sausage protein
sour_milk protein
soybean protein
soy_sauce vegetable
squash vegetable
squid protein
star_anise vegetable
starch starch
strawberry vegetable
sumac vegetable
sweet_potato starch
swiss_cheese protein
tabasco_pepper vegetable
tamarind vegetable
tangerine vegetable
tarragon vegetable
tea vegetable
tequila vegetable
thai_pepper vegetable
thyme vegetable
tomato vegetable
tomato_juice vegetable
truffle vegetable
tuna protein
turkey protein
turmeric vegetable
turnip vegetable
vanilla vegetable
veal protein
vegetable vegetable
vegetable_oil vegetable
vinegar vegetable
walnut protein
wasabi vegetable
watercress vegetable
watermelon vegetable
wheat starch
whiskey vegetable
white_bread starch
white_wine vegetable
whole_grain_wheat_flour starch
wine vegetable
yeast vegetable
yogurt protein
zucchini vegetable
