0 almond protein
1 anise vegetable
2 anise_seed vegetable
3 apple vegetable
4 apricot vegetable
5 artichoke vegetable
6 asparagus vegetable
7 avocado vegetable
8 bacon protein
9 banana vegetable
10 barley starch
11 basil vegetable
12 bay vegetable
13 bean protein
14 beef protein
15 beef_broth protein
16 beer starch
17 beet vegetable
18 bell_pepper vegetable
19 berry vegetable
20 bitter_orange vegetable
21 black_bean protein
22 blackberry vegetable
23 black_pepper vegetable
24 black_tea vegetable
25 blueberry vegetable
26 blue_cheese protein
27 bone_oil protein
28 bourbon_whiskey starch
29 brandy starch
30 bread starch
31 broccoli vegetable
32 brown_rice starch
33 brussels_sprout vegetable
34 buckwheat starch
35 butter protein
36 buttermilk protein
37 cabbage vegetable
38 cane_molasses vegetable
39 caraway vegetable
40 cardamom vegetable
41 carob vegetable
42 carrot vegetable
43 cashew vegetable
44 cassava starch
45 cauliflower vegetable
46 cayenne vegetable
47 celery vegetable
48 celery_oil vegetable
49 cereal starch
50 chamomile vegetable
51 champagne_wine starch
52 chayote vegetable
53 cheddar_cheese protein
54 cheese protein
55 cherry vegetable
56 cherry_brandy starch
57 chicken protein
58 chicken_broth protein
59 chickpea protein
60 chicory vegetable
61 chinese_cabbage vegetable
62 chive vegetable
63 cider vegetable
64 cilantro vegetable
65 cinnamon vegetable
66 citrus vegetable
67 clam protein
68 cocoa vegetable
69 coconut vegetable
70 cod protein
71 coffee vegetable
72 cognac starch
73 coriander vegetable
74 corn vegetable
75 corn_flake vegetable
76 corn_grit starch
77 cottage_cheese protein
78 crab protein
79 cranberry vegetable
80 cream protein
81 cream_cheese protein
82 cucumber vegetable
83 cumin vegetable
84 cured_pork protein
85 currant vegetable
86 date vegetable
87 dill vegetable
88 eel protein
89 egg protein
90 egg_noodle vegetable
91 elderberry vegetable
92 endive vegetable
93 enokidake vegetable
94 fennel vegetable
95 fenugreek vegetable
96 feta_cheese protein
97 fig vegetable
98 fish protein
99 flower vegetable
100 fruit vegetable
101 galanga vegetable
102 garlic vegetable
103 gelatin protein
104 ginger vegetable
105 goat_cheese protein
106 grape vegetable
107 grapefruit vegetable
108 grape_juice vegetable
109 green_bell_pepper vegetable
110 green_tea vegetable
111 gruyere_cheese protein
112 haddock protein
113 ham protein
114 hazelnut protein
115 honey vegetable
116 horseradish vegetable
117  juniper_berry vegetable
118 kale vegetable
119 katsuobushi protein
120 kelp vegetable
121 kidney_bean protein
122 kiwi vegetable
123 lamb protein
124 lard protein
125 lavender vegetable
126 leek vegetable
127 lemon vegetable
128 lemongrass vegetable
129 lemon_juice vegetable
130 lemon_peel vegetable
131 lentil protein
132 lettuce vegetable
133 licorice vegetable
134 lima_bean protein
135 lime vegetable
136 lime_juice vegetable
137 lime_peel_oil vegetable
138 liver protein
139 lobster protein
140 lovage vegetable
141 macadamia_nut protein
142 macaroni starch
143 mace vegetable
144 malt starch
145 mandarin vegetable
146 mandarin_peel vegetable
147 mango vegetable
148 maple_syrup vegetable
149 marjoram vegetable
150 matsutake vegetable
151 meat protein
152 melon vegetable
153 milk protein
154 milk_fat protein
155 mint vegetable
156 mozzarella_cheese protein
157 mushroom vegetable
158 mussel protein
159 mustard vegetable
160 nectarine vegetable
161 nut protein
162 nutmeg vegetable
163 oat starch
164 oatmeal starch
165 octopus protein
166 okra vegetable
167 olive vegetable
168 olive_oil vegetable
169 onion vegetable
170 orange vegetable
171 orange_flower vegetable
172 orange_juice vegetable
173 orange_peel vegetable
174 oregano vegetable
175 ouzo starch
176 oyster protein
177 papaya vegetable
178 parmesan_cheese protein
179 parsley vegetable
180 parsnip vegetable
181 passion_fruit vegetable
182 pea starch
183 peach vegetable
184 peanut protein
185 peanut_butter protein
186 peanut_oil vegetable
187 pear vegetable
188 pear_brandy vegetable
189 pecan protein
190 pepper vegetable
191 peppermint vegetable
192 pimento vegetable
193 pineapple vegetable
194 pistachio protein
195 plum vegetable
196 popcorn starch
197 porcini vegetable
198 pork protein
199 pork_sausage protein
200 port_wine starch
201 potato starch
202 potato_chip starch
203 prawn protein
204 provolone_cheese protein
205 pumpkin vegetable
206 radish vegetable
207 raisin vegetable
208 raspberry vegetable
209 red_wine vegetable
210 rhubarb vegetable
211 rice starch
212 roasted_beef protein
213 roasted_peanut protein
214 roasted_pork protein
215 roasted_sesame_seed vegetable
216 romano_cheese protein
217 root starch
218 rose vegetable
219 rosemary vegetable
220 rum vegetable
221 rye_bread starch
222 saffron vegetable
223 sage vegetable
224 sake vegetable
225 salmon protein
226 sauerkraut vegetable
227 savory vegetable
228 scallion vegetable
229 scallop protein
230 seaweed vegetable
231 seed protein
232 sesame_oil vegetable
233 sesame_seed protein
234 shallot vegetable
235 shellfish protein
236 sherry starch
237 shiitake vegetable
238 shrimp protein
239 smoke vegetable
240 smoked_salmon protein
241 smoked_sausage protein
242 sour_milk protein
243 soybean protein
244 soy_sauce vegetable
245 squash vegetable
246 squid protein
247 star_anise vegetable
248 starch starch
249 strawberry vegetable
250 sumac vegetable
251 sweet_potato starch
252 swiss_cheese protein
253 tabasco_pepper vegetable
254 tamarind vegetable
255 tangerine vegetable
256 tarragon vegetable
257 tea vegetable
258 tequila vegetable
259 thai_pepper vegetable
260 thyme vegetable
261 tomato vegetable
262 tomato_juice vegetable
263 truffle vegetable
264 tuna protein
265 turkey protein
266 turmeric vegetable
267 turnip vegetable
268 vanilla vegetable
269 veal protein
270 vegetable vegetable
271 vegetable_oil vegetable
272 vinegar vegetable
273 walnut protein
274 wasabi vegetable
275 watercress vegetable
276 watermelon vegetable
277 wheat starch
278 whiskey vegetable
279 white_bread starch
280 white_wine vegetable
281 whole_grain_wheat_flour starch
282 wine vegetable
283 yeast vegetable
284 yogurt protein
285 zucchini vegetable
