0 tomato honey wheat beef onion olive_oil vinegar chicory butter mustard
1 coriander fenugreek pepper onion corn black_pepper cumin carrot bell_pepper mozzarella_cheese pumpkin turmeric
2 coriander fenugreek pepper lemon soy_sauce black_pepper cumin vegetable_oil fish turmeric
3 clam mustard sake radish fish carrot kelp soybean vegetable soy_sauce
4 vinegar shellfish onion soy_sauce squid cayenne cucumber sesame_seed vegetable sesame_oil
5 vinegar mustard shrimp carrot cucumber garlic
6 onion beef starch roasted_sesame_seed soy_sauce black_pepper parsley scallion sake garlic nut cabbage beef_broth sesame_oil
7 scallion radish fish cayenne ginger shrimp garlic rice
8 onion sake radish fish cayenne ginger scallion black_pepper carrot garlic soybean soy_sauce pumpkin
9 vinegar sake soy_sauce ginger eel bone_oil rice
10 pork onion black_pepper fish cayenne ginger shrimp honey scallop garlic cinnamon vegetable vegetable_oil scallion soy_sauce
11 wheat sesame_oil onion potato cayenne shiitake black_pepper scallion fish garlic soybean beef_broth soy_sauce
12 cane_molasses soy_sauce rice nut
13 wheat sesame_oil onion sake cayenne soy_sauce squid black_pepper chinese_cabbage scallion garlic bell_pepper vegetable rice
14 katsuobushi wheat onion enokidake fish squid bacon garlic shrimp black_pepper kelp vegetable_oil cabbage scallion egg soy_sauce oyster
15 clam shiitake cayenne scallion garlic soybean fish
16 vegetable_oil nut rice
17 cayenne fish garlic soy_sauce potato
18 onion roasted_sesame_seed cayenne fish black_pepper ginger garlic seaweed soybean vegetable_oil rice soy_sauce
19 sesame_oil onion cayenne soy_sauce black_pepper scallion garlic
20 orange egg wheat milk vegetable_oil
21 butter wheat apple egg milk cream
22 butter cheese wheat yeast egg milk
23 tomato olive_oil lemon_juice vinegar cherry corn black_pepper parmesan_cheese olive vegetable soy_sauce
24 butter wheat onion corn black_pepper beef_broth milk
25 kiwi wheat rum raisin strawberry cream_cheese pineapple grape egg cream
26 butter wheat almond walnut cocoa egg cream
27 egg
28 lemon_juice wheat gelatin mango egg cream
29 tomato cheese vegetable lemon olive_oil bacon matsutake black_pepper parsley celery gelatin macaroni chive currant
30 olive_oil black_pepper vinegar
31 butter wheat ham onion yeast carrot egg milk
32 tomato vinegar celery_oil corn bacon garlic broccoli mustard
33 vinegar lemon_juice ham roasted_sesame_seed radish fish honey cucumber bell_pepper beet egg peanut_butter
34 sesame_oil onion sake matsutake enokidake scallion soybean soy_sauce
35 vegetable_oil rice cayenne soybean
36 wheat starch cayenne vegetable vegetable_oil egg
37 mushroom beef starch roasted_sesame_seed soy_sauce black_pepper scallion carrot garlic soybean rice sesame_oil
38 sesame_oil beef radish soy_sauce black_pepper scallion garlic
39 roasted_sesame_seed radish sesame_oil vegetable_oil
40 vinegar clam sesame_oil roasted_sesame_seed pear cayenne carrot soybean vegetable rice
41 wheat sesame_oil beef roasted_sesame_seed black_pepper soy_sauce cayenne
42 clam sesame_oil onion sake black_pepper soy_sauce squid enokidake shrimp garlic bell_pepper rice oyster
43 pork sesame_oil onion sake corn squid cayenne ginger scallion garlic soybean rice
44 pork wheat onion cayenne fish black_pepper chinese_cabbage shrimp ginger garlic bell_pepper vegetable_oil rice egg bread
45 olive_oil onion bacon black_pepper macaroni oregano basil garlic egg cream
46 butter wheat onion potato chicken_broth shrimp fruit vegetable vegetable_oil cream matsutake pumpkin
47 vinegar pepper cilantro ginger shrimp carrot garlic soybean vegetable_oil cabbage rice mint thai_pepper
48 tomato cane_molasses pepper fenugreek cumin parmesan_cheese scallion garlic ginger olive_oil coriander egg pea turmeric
49 coriander fenugreek pepper mustard onion cayenne cumin ginger shrimp garlic tomato vegetable_oil rice turmeric
50 coriander fenugreek pepper grape apple onion black_pepper parsley cumin lettuce tomato turmeric yogurt vegetable_oil chicken bread egg whole_grain_wheat_flour
51 olive_oil wheat yeast chicken_broth saffron white_wine garlic chive bread egg milk cheese
52 orange red_wine cinnamon beef
53 tomato cheese onion potato cayenne garlic bell_pepper pork_sausage
54 champagne_wine strawberry orange_juice
55 butter raspberry egg
56 butter egg wheat cream_cheese onion
57 cocoa butter plum egg walnut
58 tomato olive_oil grape_juice thyme chicken_broth red_wine black_pepper garlic veal porcini rosemary
59 olive_oil egg onion potato
60 olive_oil lemon_juice wheat onion fish black_pepper scallion lettuce horseradish garlic smoke vegetable_oil cabbage carrot egg
61 olive_oil garlic
62 tomato lemon_juice onion potato green_bell_pepper bell_pepper vegetable_oil egg
63 butter beef shallot red_wine parsley bone_oil beef_broth
64 butter wheat vanilla almond pear pear_brandy egg
65 gruyere_cheese marjoram cheese asparagus black_pepper parsley parmesan_cheese milk_fat swiss_cheese chive egg milk bread
66 butter shallot fennel anise salmon
67 cheese egg vanilla maple_syrup buttermilk berry cream_cheese mint cream
68 butter wheat onion mushroom black_pepper parsley parmesan_cheese white_wine scallop cream egg bread
69 olive_oil lemon_juice mustard fruit garlic egg
70 butter wheat mustard onion yeast chicken_broth parmesan_cheese white_wine swiss_cheese garlic beef_broth egg milk
71 butter shallot salmon shrimp cognac white_wine cream
72 butter mustard onion ham white_wine brandy swiss_cheese beef_broth bread
73 butter vinegar cane_molasses cream apple onion cider white_wine vegetable_oil bay meat
74 butter pork mushroom black_pepper champagne_wine cream egg bread
75 tomato vinegar onion black_pepper scallion garlic bell_pepper oregano olive
76 butter coffee wheat cinnamon mint milk cream
77 tomato olive_oil cilantro cayenne lime_juice scallion
78 tomato vegetable_oil garlic onion
79 orange_peel grape apple onion black_pepper nut orange_juice pear lettuce grapefruit garlic date vegetable_oil yogurt egg cayenne
80 olive_oil lemon_juice wheat onion thyme cayenne chicken_broth black_pepper garlic bell_pepper oregano chicken
81 butter tomato wheat beef onion black_pepper celery carrot veal garlic beef_broth bone_oil
82 cane_molasses olive_oil pepper lemon_juice beef onion vinegar tabasco_pepper black_pepper vegetable_oil wine garlic blue_cheese pecan bread watercress egg pork_sausage okra
83 juniper_berry pork olive_oil cardamom plum red_wine black_pepper bay brandy currant cinnamon orange roasted_beef
84 butter vinegar cinnamon apple plum red_wine blackberry cranberry orange cabbage meat
85 tomato olive_oil lemon_juice onion feta_cheese shrimp garlic bell_pepper oregano cucumber bread
86 olive_oil lemon_juice lemon thyme black_pepper prawn oregano
87 butter egg_noodle feta_cheese
88 butter honey cream wheat strawberry
89 olive_oil pepper onion feta_cheese chicken_broth rice mint
90 honey feta_cheese anise_seed olive_oil
91 tomato olive_oil lemon_juice feta_cheese lettuce cucumber oregano olive bread
92 lamb olive_oil wheat onion feta_cheese garlic tomato macaroni butter egg milk cinnamon
93 olive_oil starch parsley scallion oregano yogurt mint milk zucchini
94 olive_oil lemon_juice wheat walnut honey sesame_seed orange lemon ouzo
95 tomato olive_oil lemon_juice onion vinegar feta_cheese red_wine lettuce garlic oregano olive cucumber
96 onion
97 olive_oil meat cheese black_pepper cured_pork milk_fat fennel garlic bread wine egg milk cream
98 wheat onion corn cayenne beer vegetable_oil
99 butter lemon_juice wheat nectarine vanilla almond egg cream
100 cane_molasses vinegar cilantro zucchini onion corn cayenne garlic bell_pepper smoke vegetable_oil chicken cream cabbage lime
101 watermelon feta_cheese black_pepper cayenne
102 butter olive_oil potato garlic chive cream
103 tomato lime_juice tabasco_pepper cumin garlic basil
104 tea chamomile egg
105 vinegar flower kale olive_oil shallot black_pepper champagne_wine mustard
106 butter olive_oil pork mustard black_pepper corn sage garlic
107 tomato olive_oil cilantro cauliflower potato asparagus fish bell_pepper vegetable_oil egg pea
108 chive vegetable_oil chayote cream
109 tomato pepper wheat thyme beef shallot red_wine black_pepper parsley bay celery carrot garlic vegetable_oil beef_broth leek
110 olive_oil lemon
111 tomato vinegar mustard black_pepper bacon bean cider
112 olive_oil garlic lime_juice cayenne lime
113 butter wheat plum walnut cinnamon cream_cheese sherry egg
114 vinegar cilantro apple olive_oil shallot cider cumin mango garlic crab
115 lamb cilantro wheat onion cayenne corn black_pepper cumin bay buttermilk garlic oregano lard
116 butter wheat apricot almond bitter_orange brandy orange bread
117 lemon black_pepper white_wine gelatin nutmeg cinnamon orange grape
118 butter pepper wheat ham yeast parmesan_cheese swiss_cheese cream_cheese chive egg
119 butter coffee cream
120 lamb olive_oil green_bell_pepper black_pepper white_wine tomato garlic cinnamon bay
121 butter olive_oil shallot cayenne chicken_broth lime_juice squash cumin seed lime
122 olive_oil lemon lemon_peel nut parmesan_cheese garlic basil lobster bread mint cream
123 flower lemon cocoa fruit cinnamon pineapple orange mint wine
124 butter wheat vanilla blueberry milk_fat egg milk
125 cane_molasses butter wheat cardamom corn anise ginger milk honey vanilla nutmeg cinnamon pecan pumpkin egg nut cream
126 olive_oil lemon_juice lemon fish black_pepper white_wine oregano olive
127 cane_molasses butter wheat vanilla cocoa peanut_butter vegetable_oil egg milk cream
128 butter olive_oil pork wheat onion mushroom cardamom chicken_broth garlic roasted_beef cream
129 butter radish garlic chive
130 mustard onion tabasco_pepper parsley cucumber bell_pepper chive vegetable_oil egg
131 lamb olive_oil thyme mint black_pepper parsley lavender savory fennel garlic basil rosemary
132 vinegar olive_oil asparagus red_wine saffron honey garlic bell_pepper vegetable_oil egg
133 butter lemon_juice shallot shiitake black_pepper celery cream
134 olive vegetable_oil lemon_juice egg
135 butter thyme cayenne parmesan_cheese turnip savory cream
136 olive_oil bread artichoke mushroom cheese
137 cilantro meat lime_juice tabasco_pepper ginger peanut_butter vegetable_oil chicken bread
138 cane_molasses apple almond ginger honey yogurt lemon_peel cream
139 butter olive_oil clam ham garlic bell_pepper smoke basil bread
140 olive_oil cilantro avocado onion cayenne lime_juice garlic cream
141 cumin apple
142 butter corn pineapple milk macadamia_nut
143 butter pork lemon_juice mustard shallot chicken_broth black_pepper vegetable_oil cream
144 butter wheat onion milk_fat nutmeg milk cream
145 olive_oil vinegar fish black_pepper parsley white_wine mint
146 vanilla cayenne buttermilk fruit egg cream
147 olive_oil vinegar endive wine
148 tomato cilantro clam cayenne ginger gelatin
149 tomato pepper avocado lime_juice cilantro scallion cayenne
150 vegetable_oil pepper wheat milk
151 butter cane_molasses wheat vanilla cocoa egg
152 cane_molasses mustard ham garlic rosemary apple
153 coriander butter pepper wheat ham black_pepper parsley garlic mustard
154 tomato vinegar mustard onion scallion celery cucumber vegetable_oil tarragon watercress egg bread
155 citrus olive_oil mint beet
156 grape_juice black_pepper blueberry peach
157 butter coconut wheat vanilla milk_fat egg milk
158 butter wheat milk_fat vanilla cocoa buttermilk pecan vegetable_oil egg milk
159 tomato olive_oil thyme onion cayenne tabasco_pepper fruit garlic chicken
160 butter wheat vanilla egg
161 wheat bitter_orange orange brandy ginger yogurt egg milk
162 butter lime_juice cayenne watercress lime_peel_oil bread
163 olive_oil cilantro mustard garlic pimento olive
164 butter wheat
165 tomato olive_oil cilantro lemon_juice sumac feta_cheese cumin scallion olive cucumber orange zucchini mint bread
166 butter onion saffron walnut carrot cinnamon vegetable_oil chicken seed
167 cardamom cane_molasses coffee egg cream
168 butter olive_oil lemon_juice wheat milk_fat rose nut almond pistachio orange milk
169 butter lemon_juice wheat orange_flower almond pistachio lard egg
170 tomato olive_oil cilantro wheat onion cayenne soy_sauce lime_juice cumin walnut lettuce bean garlic vegetable_oil lime egg bread
171 lemon_juice roasted_sesame_seed cumin chickpea garlic sesame_seed yogurt
172 yogurt chicken lemon_juice garlic turmeric
173 butter juniper_berry apple sauerkraut onion shallot bacon chicken_broth black_pepper thyme white_wine cream
174 tomato olive_oil wheat shallot parmesan_cheese basil garlic bell_pepper oregano mozzarella_cheese chicken egg bread
175 grape_juice strawberry vanilla black_pepper gelatin milk cream
176 tomato olive_oil meat onion potato veal oregano
177 cheese coconut wheat strawberry almond buttermilk egg milk cream
178 mustard onion parsley white_wine orange nutmeg vegetable_oil chive cucumber egg cream
179 butter cheese parsley macaroni garlic cream
180 butter onion chicken_broth parmesan_cheese white_wine saffron vegetable_oil rice
181 tomato olive_oil cayenne parsley macaroni basil garlic octopus
182 butter wheat egg walnut
183 olive_oil beef vinegar salmon black_pepper garlic bell_pepper
184 turkey tomato vegetable mushroom thyme cheese black_pepper onion parsley basil macaroni nutmeg oregano mozzarella_cheese garlic rosemary whole_grain_wheat_flour
185 butter cheese ham thyme squash tomato basil macaroni bell_pepper oregano vegetable rosemary cream
186 onion chicken_broth parmesan_cheese white_wine celery macaroni basil cabbage leek zucchini
187 tomato olive_oil sage black_pepper bean garlic kidney_bean
188 olive_oil lemon_juice parmesan_cheese lettuce
189 olive_oil parmesan_cheese macaroni basil garlic egg zucchini
190 butter olive_oil lemon_juice cauliflower raisin bacon cured_pork berry chive
191 tomato olive_oil cheese cayenne black_pepper garlic oregano basil macaroni
192 lemon_juice mint
193 butter olive_oil kale onion chicken_broth parmesan_cheese white_wine seed garlic rice
194 olive_oil lemon_juice rosemary bean garlic kidney_bean chicken lemon_peel
195 olive_oil lemon endive vinegar black_pepper white_wine chicory artichoke
196 butter olive_oil wheat thyme beef chicken_broth black_pepper onion parsley celery carrot veal tomato white_wine garlic lemon
197 olive_oil lemon artichoke
198 tomato olive_oil onion cheese parsley parmesan_cheese garlic basil macaroni zucchini
199 butter olive_oil lemon_juice wheat milk parmesan_cheese shrimp scallop fennel macaroni cod sherry cream egg leek bread
200 cane_molasses vinegar lemon_juice mustard onion fish parmesan_cheese garlic vegetable_oil tamarind egg
201 butter olive_oil brussels_sprout nut parmesan_cheese macaroni egg
202 tomato olive_oil lemon_juice lemon onion fish black_pepper parsley basil bell_pepper olive vegetable_oil
203 butter olive_oil rice mushroom onion thyme shiitake parmesan_cheese white_wine vegetable garlic basil truffle bay
204 butter almond oatmeal berry raspberry egg cream
205 butter cheese pepper corn buttermilk garlic cheddar_cheese cream
206 butter lemon_juice wheat vanilla egg milk
207 olive_oil passion_fruit avocado corn lime_juice lettuce grapefruit vegetable_oil
208 coriander olive_oil lemon_juice radish lime_juice scallion garlic tomato cucumber
209 butter tomato cilantro black_bean lime_juice scallion vegetable_oil lime
210 tomato vinegar cilantro crab wheat celery_oil onion yeast lime_juice corn avocado shrimp garlic butter tabasco_pepper cayenne
211 cane_molasses olive_oil pepper lemon onion vinegar red_wine tabasco_pepper parsley tomato_juice seed cucumber tomato oregano olive garlic tamarind egg beef_broth bread
212 lime_peel_oil lime_juice papaya cinnamon cream
213 vegetable wheat lard
214 tomato olive_oil pepper cheese corn cayenne squash cumin cilantro garlic oregano yogurt scallion cheddar_cheese
215 tomato cilantro onion cayenne lime_juice cumin black_pepper garlic oregano
216 vegetable peanut
217 vinegar pepper onion beef asparagus garlic sesame_seed soybean vegetable_oil sesame_oil
218 cane_molasses nut
219 ginger scallion garlic chive chicken rice wine
220 vinegar pepper wheat sesame_oil peanut soy_sauce cayenne ginger scallion garlic soybean vegetable_oil cabbage egg chicken
221 sesame_oil ginger scallion liver chicken rice wine
222 tomato olive_oil cilantro fish pepper cumin garlic bell_pepper chicken turmeric
223 olive_oil lemon_juice onion dill chicken_broth fennel cured_pork bean savory
224 butter olive_oil wheat onion feta_cheese nut parsley parmesan_cheese white_wine garlic sesame_seed lard basil egg zucchini
225 olive_oil thyme garlic goat_cheese lemon_peel bread
226 tomato olive_oil onion romano_cheese nut macaroni garlic basil currant
227 tomato olive_oil vinegar feta_cheese red_wine lettuce cucumber oregano olive
228 milk_fat cream egg milk green_tea
229 sake soy_sauce wasabi scallion honey scallop horseradish sesame_seed
230 cane_molasses vinegar sesame_oil sake soy_sauce cayenne ginger scallion honey garlic sherry vegetable_oil tuna rice
231 katsuobushi fish seaweed
232 vinegar soy_sauce scallion buckwheat vegetable_oil rice mint
233 butter tomato wheat thyme chicken_broth raisin chickpea cinnamon basil
234 coriander olive_oil onion turmeric cayenne lime_juice cumin shrimp honey garlic bell_pepper pineapple scallion lime_peel_oil sesame_seed lime
235 tomato onion beef bacon black_pepper celery garlic bell_pepper rice pea
236 butter buttermilk garlic bell_pepper chicken bread
237 wheat thyme black_pepper garlic bell_pepper egg milk
238 green_bell_pepper ham onion thyme bay rice smoked_sausage garlic parsley smoke shrimp scallion pork_sausage bell_pepper
239 butter wheat corn egg buttermilk
240 olive_oil wheat thyme onion potato bacon shiitake red_wine black_pepper parsley cayenne garlic bell_pepper oregano chicken egg chicken_broth mustard
241 butter olive_oil lemon_juice wheat shallot egg fish black_pepper parsley white_wine milk_fat crab lemon_peel milk cream
242 butter wheat onion black_pepper cayenne buttermilk lard vegetable chicken
243 butter pepper mushroom potato parsley white_wine garlic bell_pepper chicken pea
244 coriander olive_oil wheat mustard beef black_pepper tomato vegetable_oil egg milk
245 radish rice ginger vinegar
246 vinegar cayenne ginger carrot garlic cabbage rice pea
247 vinegar mustard soy_sauce ginger chicory carrot vegetable_oil cabbage rice pea sesame_oil
248 coriander fenugreek pepper rice sesame_oil onion starch soy_sauce cumin ginger broccoli carrot garlic vegetable_oil scallion leek chicken_broth turmeric
249 coriander olive_oil coconut onion cumin chicken_broth black_pepper cilantro ginger scallion lime garlic galanga soy_sauce basil chicken rice pea thai_pepper lemongrass
250 roasted_peanut onion cayenne fish lime_juice cucumber garlic mint
251 gelatin vanilla cream milk strawberry
252 fish ginger honey lettuce soybean chicken mustard cilantro sake soy_sauce cayenne chinese_cabbage scallion sesame_seed vegetable_oil rice pepper sesame_oil cucumber vinegar shrimp garlic
253 coriander olive_oil shallot chicken_broth parsley rice turmeric
254 butter cane_molasses wheat tangerine pecan egg milk cream
255 tomato olive_oil cilantro onion shallot avocado cayenne shrimp lettuce garlic vegetable_oil rice lime_juice
256 vinegar cream_cheese onion sake soy_sauce black_pepper honey seed crab cranberry chive rice egg lemongrass
257 coriander butter starch star_anise chicken_broth black_pepper ginger turkey celery carrot garlic vegetable_oil scallion soy_sauce wine
258 peanut_oil cayenne
259 vinegar ginger garlic cod vegetable_oil cabbage rice pea wine
260 cane_molasses vinegar soy_sauce cayenne ginger scallion garlic vegetable_oil cream
261 chicken_broth shiitake black_pepper scallion cabbage pea sesame_oil
262 olive_oil cilantro onion cayenne cumin garlic bell_pepper vegetable_oil chicken
263 tomato onion black_pepper garlic mozzarella_cheese tuna rice
264 onion mushroom egg_noodle black_pepper celery bell_pepper mozzarella_cheese chicken cheddar_cheese broccoli
265 onion beef starch soy_sauce black_pepper mozzarella_cheese vegetable_oil bread
266 tomato wheat raisin nutmeg cinnamon lard
267 butter pepper wheat brussels_sprout cucumber chicken milk
268 tomato dill lemon_juice potato cayenne black_pepper scallion carrot cod olive_oil zucchini
269 butter wheat strawberry vanilla honey buttermilk egg cream
270 butter pepper onion potato savory white_bread
271 walnut honey oat carob sesame_seed seed
272 cane_molasses olive_oil shallot cayenne garlic chicken root turmeric
273 cane_molasses vinegar lard egg wheat
274 cheese pepper cranberry vegetable_oil egg bread
275 cheddar_cheese broccoli cauliflower milk
276 butter olive_oil pepper lemon_juice wheat thyme onion potato asparagus chicken_broth garlic crab chive cream
277 butter pepper onion potato garlic basil
278 olive_oil coconut lemon_juice beef onion vinegar sage rum black_pepper garlic cinnamon oregano
279 olive_oil pork vinegar black_pepper orange_juice lime_juice garlic oregano vegetable_oil cayenne
280 coriander olive_oil pepper onion fenugreek cumin chicken turmeric
281 coriander fenugreek pepper cauliflower onion potato malt vinegar cumin ginger parsley mango garlic tomato vegetable vegetable_oil lentil turmeric
282 coriander olive_oil pepper onion fenugreek corn black_pepper cumin chickpea garlic tomato turnip turmeric bell_pepper
283 tomato coriander pepper apple onion fenugreek potato black_pepper cumin carrot garlic vegetable_oil lentil turmeric pumpkin
284 tomato butter wheat thyme beef bacon onion parsley sherry beef_broth bay rosemary mushroom wine
285 butter pork cream shallot soy_sauce lime_juice pepper ginger white_wine barley soybean mandarin_peel vegetable_oil rice sesame_seed
286 cane_molasses vinegar thyme onion black_pepper white_wine mustard garlic bell_pepper vegetable_oil tamarind tarragon
287 butter marjoram onion salmon black_pepper nutmeg egg milk bread
288 butter wheat mustard tabasco_pepper ham parmesan_cheese cheddar_cheese egg milk bread
289 parmesan_cheese garlic vegetable_oil chicken egg bread
290 lemon endive beef chicken_broth parsley parmesan_cheese scallion macaroni basil rice egg bread
291 olive_oil wheat yeast
292 tomato olive_oil garlic mozzarella_cheese chicken wine
293 tomato olive_oil onion mushroom cheese parsley garlic basil macaroni smoked_salmon
294 tomato olive_oil lemon_juice wheat cheese yeast black_pepper basil milk
295 butter wheat egg yeast
296 cheese coffee wheat cherry_brandy cocoa buttermilk egg milk cream
297 tomato pork beef parsley parmesan_cheese garlic basil bread
298 tomato cheese onion thyme romano_cheese black_pepper macaroni mozzarella_cheese garlic chicken egg
299 tomato basil garlic oregano
300 tomato olive_oil pepper onion shrimp basil garlic oregano mozzarella_cheese macaroni
301 pork mushroom mustard onion pepper garlic bell_pepper olive
302 butter asparagus cayenne black_pepper parmesan_cheese garlic macaroni chicken milk cream
303 olive_oil pepper lemon_juice mushroom vinegar red_wine macaroni oregano basil garlic rosemary
304 tomato cheese pepper olive_oil feta_cheese parsley parmesan_cheese basil garlic mozzarella_cheese macaroni egg pumpkin
305 butter olive_oil wheat yeast feta_cheese parsley parmesan_cheese garlic tomato oregano basil chicken cheese cream
306 tomato olive_oil onion thyme potato chicken_broth parsley parmesan_cheese bay celery bean carrot garlic cabbage
307 olive_oil onion thyme potato sage chicken_broth cayenne white_wine black_pepper bean carrot garlic rosemary kale
308 tomato olive_oil pepper beef mushroom cheese thyme parmesan_cheese basil fennel macaroni oregano mozzarella_cheese garlic egg pork_sausage
309 tomato olive_oil pepper onion parmesan_cheese garlic oregano basil macaroni chicken broccoli
310 cane_molasses vinegar lemon mustard onion olive_oil parmesan_cheese lettuce garlic tamarind bread
311 butter wheat parmesan_cheese shrimp macaroni crab mozzarella_cheese milk
312 tomato olive_oil green_bell_pepper onion thyme parmesan_cheese basil fennel garlic bell_pepper oregano mozzarella_cheese rosemary pork_sausage
313 butter tomato green_bell_pepper beef onion parmesan_cheese cottage_cheese macaroni oregano mozzarella_cheese garlic egg
314 tomato olive_oil wheat yeast cured_pork mozzarella_cheese garlic basil
315 tomato olive_oil green_bell_pepper onion fish black_pepper parsley white_wine garlic oregano basil bay
316 cocoa date coconut pecan
317 vinegar pepper onion cayenne soy_sauce black_pepper pork ginger scallion garlic bell_pepper soybean vegetable_oil rice wine
318 garlic pork black_pepper meat
319 butter pepper onion potato bacon garlic chive macaroni cheddar_cheese milk cream
320 beef onion shiitake black_pepper bay honey garlic bell_pepper vegetable_oil plum
321 olive_oil marjoram wheat thyme onion black_pepper sage celery basil chicken rosemary egg
322 wheat yeast buckwheat egg milk cream
323 butter beef mushroom starch yeast onion bell_pepper milk meat
324 butter wheat beef onion potato black_pepper lard egg
325 wheat meat starch milk horseradish vegetable_oil egg roasted_beef
326 butter cane_molasses wheat mustard onion vinegar cayenne tamarind cheddar_cheese milk
327 butter pepper potato leek mace cabbage milk
328 butter wheat yeast cinnamon lard egg milk
329 coffee lemon_juice wheat almond raisin honey cinnamon vegetable_oil lemon egg
330 cane_molasses lemon_juice wheat almond honey fruit nutmeg cinnamon lemon egg
331 butter egg vanilla almond wheat
332 butter coconut egg
333 lamb olive_oil cilantro onion potato squash celery beer carrot garlic bell_pepper chicken banana
334 olive_oil pepper chicken_broth onion lima_bean corn squash bean basil banana
335 coriander fenugreek pepper clam mushroom onion olive_oil chicken_broth black_pepper parsley saffron cumin rice lobster garlic mussel chicken shrimp pea turmeric
336 raspberry apple cherry cinnamon rice cream
337 feta_cheese black_pepper ginger pecan chicken raspberry cayenne
338 butter cane_molasses wheat vanilla oat nutmeg egg banana cream
339 butter tomato fish lime_juice garlic basil
340 apricot pecan fig peach lettuce
341 pepper thyme roasted_pork black_pepper parmesan_cheese garlic basil rosemary
342 wheat mustard onion vanilla raisin parsley pecan cinnamon vegetable_oil chive cucumber bread egg apple
343 vegetable_oil corn wheat egg onion
344 cane_molasses butter coconut wheat walnut fruit egg milk
345 vinegar tabasco_pepper onion cayenne
346 butter wheat vanilla almond cocoa cereal cranberry egg
347 starch mint vanilla banana egg milk
348 butter cane_molasses wheat vanilla walnut egg
349 tomato olive_oil green_bell_pepper wheat onion black_bean cayenne vegetable_oil egg
350 butter wheat egg milk
351 tomato dill onion beef olive_oil feta_cheese red_wine black_pepper lettuce garlic cream_cheese basil egg pork_sausage bread
352 butter cane_molasses wheat vanilla pecan cinnamon vegetable_oil egg milk cream
353 olive_oil lemon_juice mushroom vinegar parsley white_wine bell_pepper oregano basil vegetable_oil chicken rice cream
354 lemon_juice orange_juice lime_juice pineapple cranberry
355 butter cheese lemon_juice wheat lard egg milk
356 ham tabasco_pepper black_pepper bell_pepper cheddar_cheese egg milk bread
357 tomato cane_molasses beef cheese egg_noodle black_pepper chicken
358 cane_molasses butter wheat vanilla cocoa buttermilk pecan egg
359 sesame_oil onion soy_sauce cayenne ginger celery bell_pepper chicken lime seaweed chicken_broth oyster lemongrass
360 tomato vinegar cane_molasses beef onion corn celery_oil garlic cucumber bread
361 tomato onion cayenne black_pepper cumin scallion bacon garlic cream_cheese mozzarella_cheese
362 wheat kidney_bean onion soy_sauce cayenne cumin garlic sweet_potato vegetable_oil cheddar_cheese mustard
363 cane_molasses olive_oil pepper beef onion vinegar shiitake port_wine tamarind raspberry beef_broth
364 vanilla orange_juice peach soybean mango
365 cane_molasses butter corn oat pecan vanilla whole_grain_wheat_flour
366 butter pepper cream_cheese chive chicken milk bread
367 lemon_juice milk cottage_cheese
368 tomato pepper meat onion bell_pepper oregano vegetable_oil
369 tomato olive_oil beef basil garlic mozzarella_cheese macaroni
370 butter cane_molasses wheat vanilla cocoa egg milk
371 pepper wheat beef onion milk vegetable_oil beef_broth egg roasted_beef
372 butter onion potato bell_pepper cream_cheese cream
373 butter corn cashew vanilla
374 cane_molasses butter wheat vanilla egg milk
375 butter vinegar wheat vanilla cocoa buttermilk cream_cheese egg milk
376 cocoa vanilla cream_cheese
377 wheat vanilla nutmeg cinnamon vegetable_oil egg zucchini
378 butter pork grape_juice apple onion pepper bell_pepper cheddar_cheese
379 tomato butter pepper green_bell_pepper mustard onion parsley zucchini cucumber oregano chive vegetable_oil cheddar_cheese egg cream
380 butter wheat cherry almond cocoa egg
381 butter wheat apple vanilla pecan cinnamon cream_cheese vegetable_oil egg milk
382 butter wheat mustard onion swiss_cheese pecan lard chicken egg milk
383 butter cane_molasses wheat corn almond milk nutmeg cinnamon lard egg vanilla cream
384 almond wheat nut anise ginger cream
385 butter egg vanilla wheat milk
386 cheese mustard mushroom corn bacon onion parsley honey vegetable_oil chicken egg
387 butter cocoa vanilla wheat pecan
388 cane_molasses vinegar lemon mustard onion black_pepper cayenne tamarind
389 butter cane_molasses wheat vanilla almond cocoa oat lard egg milk
390 butter cane_molasses wheat vanilla cocoa oat egg
391 cucumber lemon lime
392 celery lemon soy_sauce garlic pork
393 butter cane_molasses wheat vanilla ginger cinnamon egg cream
394 butter vanilla lemon_juice lemon cream_cheese
395 tomato vinegar cane_molasses lemon_juice celery_oil beef corn onion garlic bread egg mustard
396 cheese buttermilk cognac fig hazelnut mint cream
397 olive_oil sesame_oil mushroom black_bean soy_sauce black_pepper ginger garlic bell_pepper pineapple chicken
398 butter lemon wheat egg milk
399 butter garlic chicken black_pepper pepper
400 cane_molasses butter apple apricot raisin walnut sweet_potato
401 peanut_oil shallot soy_sauce bean carrot vegetable
402 tomato olive_oil wheat mushroom onion parmesan_cheese fennel garlic oregano mozzarella_cheese pork_sausage bread
403 olive_oil lemon_juice onion garlic lentil mint
404 pepper onion avocado chicken_broth bacon white_wine celery lime cream
405 butter cane_molasses wheat rum vanilla milk pecan cinnamon egg banana cream
406 butter beef thyme sage black_pepper brandy veal rosemary cream
407 olive_oil pepper grape_juice garlic beef
408 butter lemon_juice mushroom black_pepper parmesan_cheese garlic basil macaroni broccoli
409 butter cheese pepper potato cheddar_cheese cream
410 butter sweet_potato potato orange_juice honey cream_cheese milk
411 lemon_juice apple raisin lettuce carrot mandarin lemon_peel seed
412 wheat vanilla egg milk lard
413 wheat corn parsley vegetable_oil egg chicken_broth
414 butter wheat vanilla milk egg corn
415 cocoa butter brandy cream
416 cane_molasses cheese wheat onion yeast vinegar parsley butter cream_cheese olive tamarind milk
417 tomato pepper onion corn avocado fish cayenne cumin black_pepper lime_juice garlic oregano milk cream
418 cocoa butter peanut_butter
419 mustard onion potato black_pepper celery sweet_potato vegetable_oil egg
420 tomato vinegar pork apple corn pepper garlic cane_molasses celery_oil
421 butter wheat vanilla strawberry vegetable_oil cream egg milk lime
422 turkey mushroom onion beef corn black_pepper celery carrot garlic vegetable_oil egg
423 butter cane_molasses pepper lemon_juice wheat onion vinegar celery olive vegetable_oil chicken egg tamarind cream
424 butter wheat onion yeast parmesan_cheese cream
425 pepper potato bacon scallion vegetable_oil cheddar_cheese egg milk
426 butter coconut wheat walnut cocoa raspberry milk
427 butter cocoa wheat egg peppermint
428 tomato cheese onion thyme rosemary black_pepper cottage_cheese garlic oregano basil egg pork_sausage zucchini
429 gelatin lemon wheat milk egg
430 butter wheat vanilla pecan sweet_potato lard egg milk
431 tomato cane_molasses green_bell_pepper onion vinegar cayenne carrot macaroni bell_pepper chive vegetable_oil
432 wheat yeast egg chicken_broth oat vegetable_oil cheddar_cheese seed brown_rice
433 turkey olive_oil pepper lemon_juice wheat chicken_broth almond raisin parsley carrot garlic lemon_peel
434 butter cane_molasses wheat vanilla pecan sweet_potato egg milk
435 lemon_juice lemon tea orange_juice ginger honey orange
436 honey vegetable_oil oat wheat yeast
437 butter coconut wheat vanilla walnut cocoa cream_cheese lard egg milk
438 butter wheat vanilla ginger nutmeg cinnamon cream_cheese vegetable_oil egg milk pumpkin
439 cane_molasses vinegar green_bell_pepper starch soy_sauce ginger carrot garlic bell_pepper pineapple vegetable_oil chicken
440 butter vinegar pepper wheat soy_sauce cider scallion lettuce vegetable_oil walnut broccoli
441 tomato mushroom egg_noodle chicken_broth lime_juice shrimp celery bean garlic bell_pepper pineapple vegetable_oil scallion soy_sauce
442 olive_oil grape_juice sage black_pepper chive garlic orange chicken
443 strawberry raspberry blueberry cream_cheese cream
444 tomato beef parmesan_cheese macaroni beef_broth zucchini
445 yogurt honey cayenne mustard scallion
446 onion potato chicken_broth black_pepper celery smoked_sausage chicken beef_broth pork_sausage
447 wheat vanilla walnut buttermilk vegetable_oil egg banana
448 tomato pepper onion black_bean cayenne cumin garlic bell_pepper kidney_bean
449 turkey butter pepper thyme corn sage honey basil olive rosemary
450 olive_oil pepper wheat cauliflower onion potato thyme garlic bell_pepper basil vegetable_oil cheddar_cheese egg milk
451 wheat apple almond egg milk cream
452 butter lemon_juice wheat egg walnut carrot nutmeg cinnamon cream_cheese pineapple lemon_peel milk
453 soy_sauce black_pepper scallion vegetable_oil rice egg broccoli
454 butter wheat vanilla cocoa egg milk cream
455 butter cane_molasses wheat vanilla pecan cinnamon sweet_potato egg cream
456 butter vinegar lemon_juice lemon starch vanilla lard wheat egg
457 wheat onion starch black_pepper parsley seed lobster bell_pepper vegetable_oil garlic egg milk
458 mushroom swiss_cheese garlic artichoke crab vegetable_oil egg cream
459 butter wheat vanilla cream_cheese egg milk
460 butter pepper beef onion chicken_broth cayenne pea pumpkin
461 cherry almond raisin walnut honey oat pecan vegetable_oil
462 lemon_juice wheat apple raisin walnut cinnamon egg milk
463 butter wheat vanilla raisin cinnamon egg cream
464 egg wheat
465 nutmeg wheat cinnamon
466 tomato wheat cayenne chicken_broth lime_juice scallion carrot cucumber garlic
467 cocoa lime pineapple ginger wine
468 butter wheat vanilla cream_cheese lard raspberry egg cream
469 butter cane_molasses wheat almond walnut cinnamon date egg cream
470 butter popcorn corn cinnamon
471 onion bacon scallion buttermilk garlic vegetable_oil cheddar_cheese egg cream
472 butter wheat walnut honey grapefruit oat egg
473 butter wheat yeast black_pepper garlic chicken egg
474 tomato olive_oil pepper green_bell_pepper onion beef potato feta_cheese oregano zucchini bread
475 butter cane_molasses wheat yeast cherry raisin walnut lard egg milk
476 apple vanilla raisin honey oat soybean raspberry nut
477 pepper starch chicken_broth ginger white_wine carrot macaroni bell_pepper vegetable_oil garlic chicken broccoli soy_sauce
478 butter lemon_juice meat orange_juice ginger honey basil orange
479 tomato cane_molasses pepper green_bell_pepper onion beef cayenne macaroni garlic cheddar_cheese
480 olive_oil pepper green_bell_pepper ham onion carrot grape_juice garlic vegetable_oil macaroni egg
481 wheat vanilla walnut lard egg banana cream
482 tomato vinegar ham onion potato celery_oil corn black_pepper thyme parsley garlic sweet_potato vegetable mustard
483 butter cane_molasses wheat vanilla cocoa cream_cheese egg cream
484 butter pepper cheddar_cheese wheat garlic chive rice
485 coconut vanilla walnut cream_cheese pineapple cream
486 butter wheat vanilla pecan egg corn
487 tomato olive_oil green_bell_pepper okra onion cayenne black_pepper garlic
488 pepper salmon
489 olive_oil pepper green_bell_pepper onion celery chicken egg bread
490 butter cheddar_cheese wheat oat parmesan_cheese
491 pepper sesame_oil soy_sauce cayenne scallion bean garlic sesame_seed macaroni
492 butter wheat corn cocoa pecan lard egg vanilla
493 butter wheat mustard chicken_broth black_pepper parmesan_cheese cheddar_cheese milk
494 butter vinegar wheat vanilla cocoa vegetable_oil milk
495 butter wheat starch vanilla cocoa egg milk
496 butter cane_molasses lemon_juice onion beef parsley tomato_juice garlic mozzarella_cheese bread
497 cane_molasses salmon black_pepper mustard
498 vegetable tomato black_pepper beef onion
499 lemon cherry black_tea cider apricot orange
500 cocoa vanilla almond milk cream
501 lamb olive_oil pepper beef onion parsley carrot garlic oregano lemon_peel wine
502 tomato beef onion black_pepper cabbage rice egg
503 cane_molasses cilantro wheat meat onion cayenne tabasco_pepper pepper bay celery bell_pepper kidney_bean vegetable
504 wheat beef mushroom egg_noodle vegetable_oil cream
505 wheat starch vanilla yeast cocoa peanut_butter egg milk cream
506 butter lemon vanilla cinnamon hazelnut wheat
507 pepper lemon_juice apple almond honey carrot
508 cane_molasses vinegar mustard onion corn cayenne bell_pepper garlic tomato vegetable chicken tamarind celery_oil
509 butter blue_cheese bread
510 rum vanilla milk_fat brandy nutmeg milk
511 tomato olive_oil wheat yeast black_pepper basil olive garlic oregano mozzarella_cheese cheddar_cheese rosemary
512 butter cocoa vanilla
513 butter cheese pork wheat mushroom potato corn_flake vegetable chicken milk cream
514 green_bell_pepper beef onion potato black_pepper smoked_sausage vegetable_oil
515 garlic black_pepper beef
516 cane_molasses olive_oil onion vinegar bacon cider scallion bean tamarind egg
517 coffee wheat vanilla cocoa vegetable_oil egg milk
518 turkey onion black_pepper parsley garlic egg bread
519 butter wheat vanilla cocoa buttermilk pineapple mandarin egg milk cream
520 tomato oregano onion cayenne corn black_pepper bean kidney_bean vegetable_oil chicken
521 cane_molasses vinegar marjoram onion thyme garlic bell_pepper oregano tamarind roasted_beef
522 plum nutmeg apple cinnamon
523 tomato olive_oil pepper wheat onion lima_bean chicken_broth parsley celery carrot basil
524 vinegar pepper mustard onion potato cider bacon celery vegetable_oil egg
525 coconut rum apricot orange_juice brandy pineapple
526 cane_molasses wheat sour_milk cocoa cinnamon lard egg
527 butter orange_juice onion salmon almond black_pepper parsley ginger sweet_potato orange
528 nutmeg lemon_juice wheat peach starch
529 vanilla rice egg milk cinnamon
530 tomato cane_molasses lemon_juice onion thyme vinegar beef parsley bay bell_pepper tamarind
531 cane_molasses bean bacon mustard onion
532 tomato olive_oil lemon_juice sumac black_pepper parsley scallion lettuce cucumber garlic mint bread
533 tomato vinegar pork mustard onion pepper
534 strawberry pineapple rhubarb gelatin
535 butter egg lard wheat rhubarb
536 orange cherry orange_juice ginger
537 cane_molasses vanilla almond fruit oat cinnamon date banana
538 vinegar pepper green_bell_pepper mustard onion macaroni celery carrot cucumber pimento olive vegetable_oil egg seed cream
539 turkey pepper scallion celery macaroni yogurt vegetable_oil egg
540 pepper potato chicken_broth garlic bell_pepper chive cream
541 lamb vinegar pepper sesame_oil mushroom soy_sauce black_pepper scallion honey garlic sesame_seed soybean rice
542 butter lemon starch milk milk_fat cinnamon wheat blueberry
543 date bacon blue_cheese
544 butter buttermilk coconut egg potato
545 butter cane_molasses wheat cinnamon lard egg milk
546 tea lemon ginger
547 apple onion vanilla raisin walnut yogurt broccoli
548 tomato olive_oil cilantro green_bell_pepper onion potato tabasco_pepper black_pepper chickpea carrot vegetable egg turmeric
549 butter cocoa vanilla wheat cream
550 cured_pork provolone_cheese bread wheat cayenne
551 vinegar cilantro red_wine bacon almond black_pepper cumin cayenne scallion honey bell_pepper cream pea brown_rice lime_juice
552 wheat meat yeast cayenne bean cheddar_cheese egg milk
553 tomato butter onion bacon celery garlic oregano mozzarella_cheese egg bread
554 pepper beef onion cayenne bean tomato_juice
555 cane_molasses wheat vanilla cinnamon lard milk
556 butter lemon_juice meat romano_cheese squid black_pepper parmesan_cheese scallion garlic cream_cheese macaroni shrimp milk crab
557 butter cane_molasses egg pecan wheat
558 wheat corn black_pepper egg vegetable_oil
559 butter green_bell_pepper onion black_pepper garlic cranberry vegetable_oil chicken
560 butter coconut wheat yeast raisin walnut egg milk
561 butter cheese wheat onion yeast black_pepper carrot milk
562 lamb olive_oil fennel ham meat onion roasted_pork chicken_broth red_wine black_pepper thyme parsley bean smoked_sausage garlic tomato butter pork_sausage bread
563 vinegar cilantro sesame_oil sake soy_sauce almond scallion honey carrot bell_pepper chicken pea mustard
564 starch vanilla almond cocoa egg milk
565 pepper thyme milk parsley parmesan_cheese scallion celery macaroni basil vegetable_oil chicken egg pea cream
566 cayenne thyme black_pepper cinnamon garlic
567 tomato pepper onion mushroom starch celery bean carrot garlic chicken rosemary
568 turkey wheat ham black_pepper swiss_cheese white_bread egg
569 bacon milk lettuce vegetable_oil cheddar_cheese egg pea
570 butter dill wheat yeast parsley chive egg milk cream
571 butter mushroom thyme shallot red_wine black_pepper bay beef_broth
572 tomato onion beef black_pepper cottage_cheese basil macaroni oregano mozzarella_cheese garlic
573 butter cane_molasses vanilla cocoa oat peanut_butter
574 cane_molasses vinegar pepper wheat beef mushroom onion tamarind cheddar_cheese bread
575 tomato olive_oil pepper green_bell_pepper onion mushroom beef thyme fennel carrot garlic bell_pepper oregano basil pork_sausage zucchini
576 cane_molasses butter wheat walnut nutmeg cranberry orange egg milk cream
577 butter nutmeg pepper onion potato chicken_broth cayenne squash ginger leek garlic sherry milk cream
578 butter coconut wheat yeast cocoa pecan egg milk
579 butter lemon_juice wheat starch lemon_peel vanilla egg cream
580 tomato olive_oil pepper beef onion chicken_broth cilantro parmesan_cheese parsley celery carrot garlic oregano lentil
581 tomato pepper onion cayenne cumin fennel garlic bell_pepper sweet_potato vegetable_oil pork_sausage
582 butter marjoram mustard onion black_pepper nut sage thyme parsley celery walnut rosemary chicken_broth bread
583 vinegar grape apple peanut raisin celery gelatin peanut_butter cream
584 pepper green_bell_pepper wheat thyme onion potato chicken_broth celery carrot bell_pepper oregano basil rosemary milk
585 butter grape apple orange_juice cinnamon pineapple
586 vinegar
587 citrus
588 butter pepper wheat beef onion potato thyme pork
589 tomato olive_oil grape_juice wheat black_pepper parmesan_cheese scallion garlic bell_pepper basil
590 olive_oil cheese onion vinegar black_pepper rye_bread cucumber bell_pepper cream
591 tomato dill mustard onion feta_cheese parsley shrimp honey garlic olive
592 pork mushroom meat onion celery carrot cream
593 olive_oil pork cayenne black_pepper cumin sage garlic bell_pepper
594 vinegar mustard almond scallion celery lettuce garlic mandarin vegetable_oil
595 cane_molasses lemon_juice soy_sauce garlic peanut_butter vegetable_oil egg
596 butter pork apple onion potato chicken_broth sage squash bay carrot garlic rosemary
597 butter cane_molasses lemon vanilla pecan wheat egg
598 wheat yeast starch cocoa gelatin egg milk cream
599 cheese pepper mushroom macaroni chicken broccoli
600 tomato olive_oil pepper mushroom cheese parmesan_cheese basil garlic bell_pepper mozzarella_cheese macaroni egg zucchini
601 butter pepper mushroom shallot port_wine white_wine macaroni garlic shrimp cream
602 tomato vinegar celery_oil onion corn pear walnut lettuce garlic blue_cheese vegetable_oil
603 cane_molasses butter roasted_peanut corn pecan cereal popcorn vanilla
604 butter egg vanilla wheat macadamia_nut
605 pecan vanilla wheat egg cherry
606 butter cane_molasses wheat vanilla peanut_butter egg
607 butter olive_oil pepper wheat onion beef red_wine black_pepper parsley parmesan_cheese garlic tomato nutmeg egg milk cinnamon
608 corn peanut_butter cereal rice milk cream
609 orange_juice cocoa cream_cheese lard mandarin milk cream
610 butter tomato cane_molasses onion vinegar soy_sauce black_pepper parsley celery carrot bell_pepper tamarind beef_broth
611 cane_molasses pork lemon_juice soy_sauce ginger garlic bell_pepper vegetable_oil zucchini
612 tomato wheat onion beef cayenne corn black_pepper garlic kidney_bean
613 butter cane_molasses wheat rhubarb corn_flake lard egg
614 olive_oil pepper wheat mushroom bell_pepper chicken
615 butter wheat pecan cinnamon egg milk
616 butter cane_molasses lemon_juice wheat vanilla cocoa cream_cheese egg
617 pork bacon seed lamb beef parsnip celery pea tomato wheat red_wine garlic cabbage bread butter vinegar caraway meat onion potato carrot bell_pepper beef_broth
618 butter grape_juice vanilla strawberry milk cream
619 marjoram onion romano_cheese chicken_broth potato black_pepper bay celery carrot garlic artichoke cream
620 butter wheat honey pecan cinnamon lard egg
621 yogurt vinegar soy_sauce sesame_seed soybean
622 pepper mushroom garlic chicken cheddar_cheese cream
623 cane_molasses butter wheat ginger nutmeg cinnamon pecan
624 butter pepper wheat onion beef parsley bread egg milk mushroom cream
625 butter ham onion asparagus bread cheddar_cheese egg milk mustard
626 butter mushroom chicken_broth bread celery macaroni chicken cheddar_cheese egg milk cream
627 olive_oil soy_sauce black_pepper beef garlic
628 sesame_oil thyme fish black_pepper garlic oregano basil rosemary
629 butter tomato pepper onion celery carrot garlic barley swiss_cheese vegetable lentil
630 butter pepper swiss_cheese squash onion
631 cane_molasses wheat vanilla walnut cocoa lard egg
632 cilantro sesame_oil soy_sauce cayenne macaroni bell_pepper
633 butter mustard onion buttermilk garlic cream_cheese vegetable_oil egg cream
634 gelatin cranberry pineapple pecan cream
635 butter pepper lemon_juice celery garlic cheddar_cheese egg milk cream
636 melon whiskey pineapple
637 butter cane_molasses wheat vanilla cocoa cream_cheese egg
638 apple cinnamon
639 olive_oil pepper mushroom thyme white_wine chive garlic oregano basil rosemary
640 vinegar pepper green_bell_pepper wheat mustard onion celery kidney_bean vegetable
641 cane_molasses mustard onion black_pepper ginger nutmeg cinnamon
642 butter coriander pepper onion fenugreek corn cumin garlic turmeric
643 olive_oil pepper wheat dill feta_cheese vinegar cider parsley scallion seed bell_pepper basil lentil
644 cane_molasses butter lemon_juice wheat vanilla pecan cream_cheese egg milk
645 mushroom potato black_pepper smoked_sausage garlic milk pork_sausage
646 olive_oil onion thyme roasted_pork chicken_broth bacon sage garlic basil rosemary
647 olive_oil wheat vinegar almond scallion cabbage chicken
648 buttermilk nut gelatin pineapple orange cream
649 butter green_bell_pepper onion mushroom egg_noodle corn_flake celery pimento olive chicken cheddar_cheese milk
650 tomato olive_oil wheat beef onion black_pepper parmesan_cheese macaroni butter oregano garlic egg milk
651 cocoa milk peanut_butter
652 onion starch soy_sauce ginger celery carrot garlic vegetable_oil chicken broccoli
653 butter onion potato chicken_broth parsley bell_pepper egg bread
654 marjoram thyme black_pepper sage celery chicken rosemary milk
655 butter wheat vanilla almond egg milk
656 bacon shrimp
657 butter wheat white_bread egg peach
658 mushroom parmesan_cheese celery garlic bell_pepper sherry chicken
659 tomato vinegar pepper green_bell_pepper beef onion cayenne mustard bread
660 tomato olive_oil mustard scallop garlic bell_pepper buckwheat olive basil
661 cocoa wheat lard
662 butter pepper wheat pumpkin
663 tomato olive_oil lemon_juice cheese anise tabasco_pepper seed garlic olive
664 tomato pepper green_bell_pepper onion beef tabasco_pepper celery haddock cod olive rice
665 champagne_wine strawberry cognac grape wine
666 cocoa vinegar vanilla wheat vegetable_oil
667 tomato pork onion corn pepper garlic olive rice zucchini
668 orange_peel lemon_juice lemon apple pear orange_juice raisin honey lettuce almond yogurt grape
669 vegetable_oil wheat milk egg whole_grain_wheat_flour
670 tomato green_bell_pepper wheat mushroom yeast mozzarella_cheese
671 wheat vanilla walnut honey cinnamon egg plum
672 honey cane_molasses lime_juice lime
673 orange red_wine cinnamon cranberry
674 wheat vanilla cinnamon egg milk pumpkin
675 pork wheat sesame_oil mushroom soy_sauce black_pepper scallion shrimp egg pea chicken_broth bread
676 butter vinegar wheat yeast apricot starch raisin cinnamon egg milk
677 butter corn_flake
678 mozzarella_cheese tomato oregano bread
679 pepper onion scallion vegetable_oil egg cream
680 garlic cream_cheese crab cream
681 tomato olive_oil potato garlic basil rosemary
682 cane_molasses butter marjoram wheat thyme beef black_pepper corn sage celery oat bell_pepper rosemary milk egg
683 olive_oil chicken lemon pepper oregano
684 mozzarella_cheese cheddar_cheese macaroni
685 pepper green_bell_pepper egg ham cheddar_cheese
686 pepper beef meat onion starch potato garlic vegetable vegetable_oil cheddar_cheese milk
687 butter wheat onion mushroom yeast egg_noodle chicken cream
688 butter wheat yeast vanilla banana egg milk
689 milk_fat mango wheat milk starch
690 butter tomato onion basil mozzarella_cheese bread
691 butter wheat vanilla walnut cocoa gelatin cream_cheese egg milk
692 tomato vinegar pork green_bell_pepper celery_oil onion corn cayenne cane_molasses celery garlic vegetable_oil chicken_broth
693 vinegar coffee wheat cream_cheese yeast vanilla cider honey soybean orange egg milk cocoa
694 white_bread cheddar_cheese bacon pineapple
695 tomato vinegar cane_molasses celery_oil beef corn black_pepper onion tomato_juice garlic bell_pepper bread egg mustard
696 turkey tomato mushroom onion fennel garlic oregano mozzarella_cheese bread
697 vegetable_oil wheat yeast
698 butter wheat corn pecan egg milk
699 butter almond wheat orange_juice nutmeg cinnamon lard orange
700 butter potato crab chicken cheddar_cheese cream
701 nutmeg lard wheat raisin cinnamon
702 butter potato corn scallion cream_cheese shrimp cream
703 cane_molasses olive_oil grape_juice onion cherry parsley swiss_cheese garlic bread
704 butter wheat vanilla cocoa gelatin egg milk cream
705 tomato vinegar green_bell_pepper celery_oil onion corn garlic vegetable_oil egg
706 butter wheat cherry corn egg vanilla
707 wheat apple vanilla walnut carrot cinnamon egg whole_grain_wheat_flour
708 butter cane_molasses wheat raisin oat cinnamon egg
709 butter lemon vanilla milk mace nutmeg wheat egg corn
710 butter wheat vanilla oat pecan
711 butter wheat lemon_juice egg
712 butter wheat yeast garlic bell_pepper lard egg milk sesame_seed
713 butter wheat onion yeast seed garlic bell_pepper oregano cheddar_cheese milk
714 butter pepper potato almond scallion cream_cheese cream bread
715 tomato butter pepper mushroom onion thyme olive garlic oregano basil rosemary zucchini
716 butter wheat apricot vanilla almond egg
717 wheat raisin nutmeg cinnamon lard egg
718 butter wheat onion yeast corn milk bell_pepper cheddar_cheese broccoli
719 cane_molasses butter wheat walnut cinnamon vegetable_oil egg milk whole_grain_wheat_flour
720 butter apricot almond wheat yeast
721 butter pork onion potato pepper carrot vegetable_oil
722 cane_molasses cayenne nut bacon vegetable_oil egg
723 butter wheat vanilla cream_cheese egg blueberry cream
724 butter cane_molasses coconut wheat apricot vanilla almond buttermilk mace pecan cream_cheese lard egg milk
725 vinegar onion cider seed vegetable_oil egg
726 vanilla almond lard
727 tomato green_bell_pepper ham onion potato kidney_bean chicken meat
728 tomato olive_oil green_bell_pepper onion mushroom parsley white_wine fennel clam garlic basil pork_sausage
729 butter olive_oil dill chive chicken lime egg bread
730 vinegar pepper marjoram sesame_oil red_wine honey garlic basil vegetable_oil rice rosemary mustard
731 vanilla orange_juice strawberry pineapple yogurt blueberry
732 butter lemon_juice wheat starch egg lard lemon_peel
733 bacon mushroom
734 cane_molasses lime_juice avocado lettuce mango garlic chicken thai_pepper
735 mustard cayenne black_pepper garlic cheddar_cheese meat
736 butter cane_molasses coconut wheat mustard onion vanilla raisin parsley walnut oat cucumber chive vegetable_oil rice egg cream
737 wheat yeast vegetable_oil rice milk bread
738 butter coconut lemon_juice gelatin strawberry cream
739 vinegar onion potato cider bacon parsley beef_broth
740 butter wheat mustard onion cucumber parsley maple_syrup nutmeg cinnamon chive vegetable_oil cream egg milk apple
741 tomato vegetable_oil black_pepper bread
742 butter coconut wheat pecan cream_cheese milk cream
743 wheat chicken_broth egg corn
744 onion parsley potato_chip bell_pepper vegetable_oil chicken egg
745 grape apple raisin walnut gelatin carrot pineapple vegetable_oil cabbage egg
746 butter lemon_juice wheat lime gelatin orange raspberry cream
747 butter tomato green_bell_pepper wheat onion cheese celery carrot vegetable milk cream
748 butter marjoram thyme black_pepper sage celery rosemary bread
749 olive_oil cilantro lemon nut salmon ginger scallion scallop garlic
750 wheat egg sesame_seed yeast
751 orange cocoa orange_juice ginger wine
752 butter wheat starch cherry vanilla maple_syrup buttermilk oat egg
753 cane_molasses olive_oil pepper lemon_juice onion vinegar soy_sauce tabasco_pepper parsley garlic basil tamarind
754 butter coconut wheat cinnamon vegetable_oil egg milk
755 tomato cane_molasses mustard onion cayenne garlic chicken
756 olive_oil green_bell_pepper wheat mustard onion potato beef corn cayenne tomato_juice carrot egg milk
757 butter wheat rose cocoa egg cream
758 green_bell_pepper onion cauliflower lettuce radish corn garlic scallion buttermilk bean carrot cucumber vegetable_oil egg broccoli cream
759 butter cane_molasses wheat pecan cream_cheese egg
760 olive_oil pepper mustard soy_sauce ginger scallion garlic sesame_seed chicken
761 cane_molasses wheat sour_milk raisin walnut oat cinnamon lard egg
762 cream wheat almond egg cherry
763 lemon_juice peach
764 tomato olive_oil green_bell_pepper mushroom black_pepper squash macaroni bell_pepper garlic zucchini
765 cocoa butter vanilla wheat cream_cheese
766 butter wheat vanilla lard egg milk cream
767 wheat corn oat peanut_butter vegetable_oil egg vanilla whole_grain_wheat_flour
768 cane_molasses olive_oil cheese oregano tamarind beef cottage_cheese macaroni basil pepper green_bell_pepper mushroom garlic mozzarella_cheese pork_sausage tomato vinegar onion thyme egg parmesan_cheese rosemary
769 vanilla mint milk coconut cream
770 chicken cream mushroom onion wine
771 cane_molasses olive_oil mustard onion vinegar soy_sauce cayenne tomato tamarind pork_sausage
772 cane_molasses vinegar mustard onion parsley seed pecan bell_pepper vegetable_oil garlic tamarind cheddar_cheese egg
773 cane_molasses vinegar lovage mustard onion black_pepper fish tabasco_pepper ginger bay cinnamon smoke vegetable_oil tamarind egg cream
774 butter lemon_juice wheat elderberry lard egg
775 cane_molasses coconut wheat rum lard pineapple egg
776 butter cane_molasses wheat vanilla banana nutmeg cinnamon egg milk cream
777 vanilla egg starch
778 champagne_wine pear_brandy berry blackberry
779 butter cane_molasses wheat peach lard egg milk
780 butter cocoa
781 butter wheat mustard onion vanilla parsley peppermint cocoa cucumber chive vegetable_oil egg milk cream
782 butter wheat yeast vanilla milk cream
783 cocoa cheese coffee vanilla
784 caraway wheat thyme seed nutmeg vegetable_oil egg milk
785 cocoa gelatin peanut_butter
786 cocoa butter egg
787 butter lemon_juice wheat egg walnut cranberry lemon_peel milk
788 olive_oil wheat meat mushroom onion bell_pepper
789 butter onion potato black_pepper cream_cheese cream
790 tomato pepper beef thyme rosemary onion vegetable macaroni oregano basil beef_broth kidney_bean
791 butter pepper wheat potato black_pepper bacon milk_fat fennel nutmeg basil cheddar_cheese milk
792 wheat starch bacon swiss_cheese blue_cheese tuna egg milk
793 cane_molasses olive_oil pork peach black_pepper white_wine nutmeg cinnamon
794 pork sake soy_sauce orange_juice black_pepper ginger honey garlic sherry
795 butter green_bell_pepper onion black_pepper swiss_cheese egg milk
796 mushroom citrus soy_sauce bean garlic vegetable_oil
797 wheat vanilla walnut vegetable_oil cream egg zucchini
798 pork mustard orange_juice cayenne honey seed garlic orange
799 butter wheat apple raisin walnut nutmeg cinnamon egg
800 coconut lemon_juice wheat yeast nut pineapple egg milk cream
801 tomato green_bell_pepper wheat onion soy_sauce garlic vegetable_oil chicken chicken_broth
802 tomato vinegar pepper green_bell_pepper beef onion bourbon_whiskey chicken_broth bacon cane_molasses bay honey whiskey bean smoked_sausage bell_pepper maple_syrup tamarind pork_sausage mustard
803 cheese onion bacon parsley buttermilk egg
804 butter wheat vanilla cocoa lard egg milk
805 butter flower pear lavender ginger honey
806 wheat cream egg onion bread
807 olive_oil red_wine onion vinegar malt squid black_pepper bay cinnamon
808 butter wheat vanilla walnut cinnamon egg cream
809 orange_juice wheat cranberry buttermilk date orange vegetable_oil egg
810 corn_grit butter egg tabasco_pepper cheese
811 butter pepper onion parsley swiss_cheese macaroni cream egg milk bread
812 butter wheat onion bacon garlic macaroni cheddar_cheese milk
813 rice cream milk raspberry starch
814 butter cane_molasses vanilla milk cocoa
815 butter cane_molasses pecan cinnamon sweet_potato pork_sausage
816 vegetable_oil starch egg shrimp bread
817 lovage mustard black_pepper prawn ginger bay cinnamon
818 wheat corn honey vegetable_oil egg cream
819 pepper mushroom onion swiss_cheese vegetable cream
820 cane_molasses wheat oat nutmeg cinnamon vegetable_oil whole_grain_wheat_flour egg seed pumpkin
821 apricot orange_juice lemon peach lime
822 butter beef corn oat cheddar_cheese egg milk whole_grain_wheat_flour
823 butter wheat starch vanilla cocoa pecan cream_cheese milk cream
824 tomato olive_oil beef onion black_pepper cured_pork basil garlic oregano mozzarella_cheese macaroni rosemary
825 cane_molasses butter wheat cherry vanilla oat milk cream
826 macadamia_nut cranberry
827 butter green_bell_pepper wheat onion yeast corn celery bean cheddar_cheese cream
828 olive_oil lemon mustard soy_sauce black_pepper ginger honey garlic
829 tomato vinegar pepper green_bell_pepper mustard onion bell_pepper chicken
830 olive_oil lemon_juice vinegar radish parsley white_wine mozzarella_cheese carrot cucumber bell_pepper oregano olive chicken lettuce basil bread
831 cane_molasses pepper cayenne black_pepper garlic bell_pepper
832 tomato cheese wheat beef onion cayenne scallion garlic cream_cheese pimento
833 butter egg wheat milk rhubarb
834 shallot fish garlic bell_pepper vegetable_oil tamarind turmeric lemongrass
835 tomato pepper bacon parmesan_cheese macaroni cream_cheese garlic milk
836 tomato vinegar green_bell_pepper mustard onion cayenne black_pepper white_wine celery cucumber
837 butter orange lemon_juice pear cinnamon
838 cane_molasses butter soy_sauce bacon bean garlic
839 fruit apple
840 butter lemon_juice wheat egg raisin walnut lard lemon_peel milk
841 mustard onion parsley popcorn cucumber chive vegetable_oil egg cream
842 butter pepper onion potato chicken cheddar_cheese cream
843 butter wheat vanilla raisin oat cinnamon egg
844 coffee wheat vanilla cocoa egg milk cream
845 tomato beef onion macaroni garlic chicken cheddar_cheese pork_sausage
846 black_pepper garlic vegetable_oil tuna egg pea
847 asparagus garlic black_pepper onion cayenne
848 lemon onion beef black_pepper parsley macaroni barley lentil rice pea
849 butter pork black_pepper egg milk bread
850 butter cane_molasses wheat vanilla maple_syrup pecan egg milk cocoa
851 butter pepper mushroom thyme beef shallot red_wine black_pepper onion garlic bell_pepper vegetable_oil
852 onion black_pepper bean cheddar_cheese broccoli cream
853 vegetable_oil cheddar_cheese bacon egg mustard
854 butter cocoa vanilla milk peppermint
855 butter vanilla cocoa pecan milk cream
856 cane_molasses vinegar cheddar_cheese mustard onion tabasco_pepper macaroni bell_pepper tamarind butter milk bread
857 butter wheat cocoa pecan egg milk
858 cane_molasses coconut wheat vanilla oat vegetable_oil egg
859 cane_molasses tomato pork celery_oil vinegar soy_sauce pepper ginger garlic corn
860 bacon cabbage garlic mustard
861 cane_molasses butter coffee wheat coconut cocoa buttermilk lard egg milk cream
862 tomato onion black_pepper lettuce blue_cheese vegetable_oil egg whole_grain_wheat_flour
863 butter apple sweet_potato cinnamon
864 butter wheat corn milk cocoa lard egg vanilla
865 butter wheat starch banana cocoa pecan cream_cheese lard egg milk cream
866 tomato cane_molasses pepper rice onion vinegar parsley celery basil carrot garlic bell_pepper mozzarella_cheese tamarind cheddar_cheese cheese pork_sausage
867 butter yeast onion starch
868 butter cheese raisin walnut cinnamon pineapple white_bread
869 butter olive_oil pepper wheat onion mushroom dill bacon swiss_cheese lard egg cream
870 butter lovage lemon_juice mustard black_pepper fish tabasco_pepper parsley ginger bay cinnamon crab vegetable_oil white_bread egg
871 tea orange_juice pineapple cinnamon cranberry raspberry
872 cane_molasses wheat vanilla raisin walnut oat lard egg
873 cane_molasses pepper beef soy_sauce ginger garlic vegetable_oil
874 butter olive_oil pepper roasted_peanut onion chicken_broth cayenne ginger honey milk_fat garlic sweet_potato nutmeg milk cream
875 butter coconut wheat vanilla cocoa pecan egg milk
876 tomato onion celery lettuce mozzarella_cheese vegetable_oil tuna egg bread
877 butter green_bell_pepper onion chicken_broth parmesan_cheese milk crab rice pea
878 tomato olive_oil beef black_pepper mozzarella_cheese macaroni oregano basil garlic rosemary pork_sausage cream
879 cane_molasses lemon_juice wheat macadamia_nut vanilla oat lard egg
880 melon whiskey orange_juice banana
881 butter wheat cherry vanilla cream_cheese egg milk
882 tomato pork onion garlic cabbage rice
883 cane_molasses coffee starch vanilla cocoa milk
884 coffee vanilla cocoa cinnamon egg milk cream
885 pepper mustard bacon honey vegetable_oil cheddar_cheese egg
886 pepper beef mushroom onion potato cheddar_cheese milk
887 tomato olive_oil beef onion garlic basil egg bread
888 tomato green_bell_pepper thyme onion chicken_broth garlic oregano basil rosemary
889 coriander dill pepper vinegar cumin scallion celery fenugreek vegetable_oil chicken egg turmeric
890 butter cane_molasses pecan banana
891 butter tomato cane_molasses wheat beef onion vinegar lard tamarind cheddar_cheese egg mushroom
892 tomato vinegar cane_molasses celery_oil onion corn black_pepper beer garlic mustard
893 butter pepper wheat onion potato chicken_broth bell_pepper vegetable_oil egg
894 butter lemon_juice wheat starch yeast nutmeg cinnamon egg milk zucchini
895 strawberry pineapple banana walnut
896 tomato vinegar onion cheese fennel parmesan_cheese bean macaroni vegetable_oil cabbage broccoli pork_sausage
897 cane_molasses vinegar pepper onion tabasco_pepper cucumber vegetable_oil tamarind egg
898 butter pepper lemon_juice lemon fish almond parsley wheat
899 cane_molasses cheese beef onion vinegar ham cream_cheese tamarind cheddar_cheese meat
900 olive_oil pepper nut sesame_seed mint pea
901 butter wheat vanilla cocoa gelatin peanut_butter
902 butter olive_oil cilantro lemon salmon black_pepper garlic tomato wheat
903 tomato dill thyme onion potato corn black_pepper leek celery chickpea carrot garlic soy_sauce vegetable rice pea
904 butter cane_molasses wheat vanilla walnut peanut_butter egg
905 olive_oil lemon_juice mustard black_pepper olive bell_pepper cream_cheese pimento chive egg
906 mandarin nut wheat
907 cherry vanilla almond milk cream
908 coriander olive_oil pepper lemon_juice onion dill cayenne parsley cumin cucumber chickpea garlic yogurt vegetable_oil egg bread
909 tomato cheese chicken_broth macaroni chive
910 butter corn licorice cocoa cinnamon orange egg milk
911 vinegar onion black_pepper almond cider parsley celery lettuce mandarin vegetable_oil
912 tomato olive_oil green_bell_pepper ham onion vinegar avocado parsley white_wine cured_pork mozzarella_cheese lemon_juice cucumber bell_pepper oregano olive macaroni basil
913 butter coriander ham onion orange_juice cumin garlic peanut_butter nutmeg turmeric pumpkin
914 butter cheese pepper wheat mushroom onion parmesan_cheese nutmeg chicken cheddar_cheese egg milk bread
915 butter vinegar pepper lemon_juice apple onion red_wine vegetable_oil celery cranberry coriander chicken
916 olive_oil grape_juice onion soy_sauce honey garlic bell_pepper
917 cane_molasses butter wheat yeast nut raisin buttermilk cinnamon egg milk
918 butter pepper beef onion potato parsley celery carrot chicken milk
919 green_bell_pepper onion bacon bell_pepper mozzarella_cheese egg bread
920 vinegar green_bell_pepper onion bacon carrot vegetable_oil cabbage egg
921 orange_juice apple milk banana
922 butter black_pepper macaroni cheddar_cheese egg milk
923 vinegar cilantro sesame_oil starch peanut soy_sauce parsley ginger scallion garlic bell_pepper cabbage rice lime
924 butter cane_molasses lemon_juice wheat peach almond nutmeg lard egg
925 cocoa coconut peanut_butter milk
926 butter wheat vanilla peanut_butter cream_cheese cream
927 cane_molasses wheat cherry corn walnut pineapple date vegetable_oil egg
928 lemon_juice onion cayenne black_pepper celery carrot macaroni vegetable_oil cucumber egg smoked_salmon
929 butter onion potato cayenne corn black_pepper parsley garlic soybean vegetable lime
930 butter celery white_bread sage onion
931 butter pepper wheat tarragon thyme leek chicken_broth onion white_wine carrot swiss_cheese cauliflower milk cream
932 wheat ham cream_cheese pineapple
933 butter tomato onion mushroom olive_oil corn red_wine garlic basil macaroni zucchini
934 cane_molasses vinegar pepper beef mustard mushroom onion parsley horseradish vegetable_oil tamarind egg bread
935 cane_molasses vinegar lemon_juice mustard raisin honey strawberry orange_peel raspberry
936 pepper onion starch cilantro ginger bell_pepper mandarin vegetable_oil chicken rice
937 tomato vinegar celery_oil cider corn cayenne garlic oregano
938 olive_oil parmesan_cheese pea carrot macaroni vegetable garlic broccoli
939 butter coconut vanilla walnut date rice egg
940 butter vanilla milk
941 butter coconut wheat vanilla egg milk
942 butter cane_molasses pepper wheat mustard onion vinegar chicken_broth starch garlic tamarind cheddar_cheese milk cream
943 butter wheat onion black_pepper corn cayenne buttermilk garlic tabasco_pepper chicken
944 cherry raspberry raisin barley
945 butter wheat vanilla milk strawberry egg blueberry cream
946 tomato onion beef avocado garlic buttermilk macaroni vegetable_oil chicken egg cream
947 turkey onion starch chicken_broth black_pepper celery chicken egg milk
948 pepper cilantro ginger garlic sesame_seed vegetable_oil tamarind rice turmeric
949 olive_oil cilantro lime_juice fish black_pepper scallion mango garlic bell_pepper cayenne
950 wheat yeast port_wine swiss_cheese nutmeg egg milk
951 bourbon_whiskey mint
952 pepper mushroom beef onion cayenne bean pimento olive cheddar_cheese milk
953 wheat yeast honey seed vegetable_oil egg whole_grain_wheat_flour
954 butter garlic mushroom
955 butter wheat peanut vanilla egg milk
956 lemon_juice sesame_oil onion soy_sauce black_pepper garlic chicken fish
957 coconut onion fish almond pepper ginger bell_pepper turmeric lemongrass
958 cane_molasses tomato onion olive_oil lime_juice fish salmon lettuce basil cayenne
959 butter pepper shallot chicken_broth cayenne coconut garlic basil vegetable_oil pumpkin lemongrass
960 cane_molasses coriander coconut fenugreek shiitake lime_juice pepper shrimp lime bell_pepper galanga cumin scallion lemongrass fish turmeric
961 pork sesame_oil starch sake shiitake cayenne ginger scallion garlic bell_pepper vegetable_oil beef_broth soy_sauce
962 garlic chicken lemongrass black_pepper turmeric
963 wheat cassava
964 butter tomato onion beef potato cayenne black_pepper cumin scallion garlic bell_pepper oregano cheddar_cheese cream
965 tomato green_bell_pepper onion cayenne cumin bean garlic bell_pepper vegetable cheddar_cheese
966 tomato cane_molasses pepper green_bell_pepper beef onion vinegar cayenne celery garlic oregano vegetable_oil tamarind kidney_bean
967 turkey olive_oil onion lima_bean chicken_broth cayenne cumin celery bean oregano cheddar_cheese corn
968 tomato cilantro lemon_juice onion black_bean corn avocado pepper lettuce garlic barley vegetable_oil pea
969 black_bean cheese corn cheddar_cheese milk
970 butter cheese pepper wheat chicken_broth onion cayenne corn black_pepper cumin garlic vegetable_oil chicken milk cream
971 tomato butter green_bell_pepper onion beef cayenne corn bacon rice garlic olive cheddar_cheese bread
972 tomato cheese cilantro onion black_bean lime_juice chicken_broth cayenne cumin scallion black_pepper garlic oregano vegetable_oil egg corn
973 tomato cheese onion beef cayenne black_pepper cumin bean garlic bell_pepper oregano lard
974 vinegar cilantro onion olive_oil black_bean pepper white_wine celery corn_grit bean garlic bell_pepper kidney_bean
975 turkey tomato pepper beef soy_sauce pork scallion celery tomato_juice carrot parsley basil cabbage rice egg beef_broth bread
976 butter pepper green_bell_pepper onion corn cayenne bell_pepper cream_cheese
977 butter cayenne corn garlic cream_cheese
978 tomato olive_oil lemon_juice onion cheese chicken_broth cayenne cumin garlic chicken corn
979 tomato wheat onion beef cayenne black_pepper cumin lettuce bean garlic bell_pepper oregano cheddar_cheese milk bread
980 tomato pepper lemon_juice wheat onion beef cayenne scallion garlic vegetable_oil lemon_peel
981 cane_molasses vinegar onion tabasco_pepper soy_sauce cayenne garlic bell_pepper vegetable_oil tamarind
982 vinegar carrot cayenne onion
983 vinegar pepper rice ham black_bean chicken_broth red_wine cayenne cumin bay garlic bell_pepper smoke olive cheddar_cheese
984 coriander vinegar pork lemon_juice onion red_wine cayenne pepper cumin orange_juice bell_pepper
985 tomato pork onion cayenne black_pepper cumin garlic bell_pepper oregano vegetable_oil
986 cane_molasses olive_oil wheat onion cheese black_bean corn cayenne garlic tomato butter bell_pepper
987 tomato cheese oregano cream_cheese onion black_pepper corn cayenne cumin scallion garlic sweet_potato vegetable_oil
988 tomato pepper green_bell_pepper onion beef celery basil rice
989 butter tomato anise onion black_pepper chicken_broth almond cayenne bay cocoa seed garlic cinnamon chicken white_bread sesame_seed
990 orange tequila brandy bitter_orange lime
991 tomato beef onion cayenne cumin bean garlic lard olive cream
992 tomato cheese beef mushroom cayenne parmesan_cheese scallion garlic mozzarella_cheese bread
993 tomato cilantro green_bell_pepper wheat onion cayenne shrimp olive garlic bell_pepper chive cheddar_cheese cream
994 tomato green_bell_pepper onion corn cayenne cumin bell_pepper kidney_bean chicken chicken_broth
995 pepper onion beef corn cayenne cilantro vegetable_oil lime
996 olive_oil pepper lemon_juice potato garlic chicken
997 grape_juice sesame_oil soy_sauce scallion garlic sesame_seed buckwheat broccoli
998 watercress mushroom onion soy_sauce ginger carrot vegetable_oil chicken rice wine
999 vinegar roasted_sesame_seed soy_sauce cayenne scallion garlic vegetable
